<?xml version="1.0" encoding="utf-8"?><testsuites name="pytest tests"><testsuite name="pytest" errors="0" failures="0" skipped="0" tests="201" time="66.515" timestamp="2026-05-30T11:41:28.361219+03:00" hostname="whynotdimaa"><testcase classname="tests.integration.test_candidate.TestCandidateAuth" name="test_anon_cannot_list" time="0.877" /><testcase classname="tests.integration.test_candidate.TestCandidateAuth" name="test_anon_cannot_create" time="0.003" /><testcase classname="tests.integration.test_candidate.TestCandidateAuth" name="test_interviewer_can_list" time="0.796" /><testcase classname="tests.integration.test_candidate.TestCandidateAuth" name="test_interviewer_cannot_create" time="0.774" /><testcase classname="tests.integration.test_candidate.TestCandidateList" name="test_list_empty" time="0.775" /><testcase classname="tests.integration.test_candidate.TestCandidateList" name="test_list_returns_created" time="0.808" /><testcase classname="tests.integration.test_candidate.TestCandidateList" name="test_list_filter_by_status" time="0.779" /><testcase classname="tests.integration.test_candidate.TestCandidateList" name="test_list_filter_by_search" time="0.770" /><testcase classname="tests.integration.test_candidate.TestCandidateCreate" name="test_create_returns_201" time="0.778" /><testcase classname="tests.integration.test_candidate.TestCandidateCreate" name="test_create_sets_new_status" time="0.776" /><testcase classname="tests.integration.test_candidate.TestCandidateCreate" name="test_create_returns_id" time="0.777" /><testcase classname="tests.integration.test_candidate.TestCandidateCreate" name="test_create_stores_all_fields" time="0.779" /><testcase classname="tests.integration.test_candidate.TestCandidateCreate" name="test_create_duplicate_email_returns_409" time="0.771" /><testcase classname="tests.integration.test_candidate.TestCandidateCreate" name="test_create_missing_email_returns_400" time="0.776" /><testcase classname="tests.integration.test_candidate.TestCandidateCreate" name="test_create_invalid_email_returns_400" time="0.775" /><testcase classname="tests.integration.test_candidate.TestCandidateCreate" name="test_create_missing_first_name_returns_400" time="0.778" /><testcase classname="tests.integration.test_candidate.TestCandidateDetail" name="test_get_returns_200" time="0.783" /><testcase classname="tests.integration.test_candidate.TestCandidateDetail" name="test_get_missing_returns_404" time="0.775" /><testcase classname="tests.integration.test_candidate.TestCandidateDetail" name="test_patch_updates_phone" time="0.776" /><testcase classname="tests.integration.test_candidate.TestCandidateDetail" name="test_patch_partial_preserves_others" time="0.777" /><testcase classname="tests.integration.test_candidate.TestCandidateDetail" name="test_delete_returns_204" time="0.775" /><testcase classname="tests.integration.test_candidate.TestCandidateDetail" name="test_delete_then_get_returns_404" time="0.774" /><testcase classname="tests.integration.test_candidate.TestCandidateDetail" name="test_interviewer_cannot_delete" time="1.537" /><testcase classname="tests.integration.test_candidate.TestCandidateStatusChange" name="test_allowed_transition_returns_200" time="0.914" /><testcase classname="tests.integration.test_candidate.TestCandidateStatusChange" name="test_forbidden_transition_returns_400" time="0.777" /><testcase classname="tests.integration.test_candidate.TestCandidateStatusChange" name="test_invalid_status_returns_400" time="0.780" /><testcase classname="tests.integration.test_candidate.TestCandidateStatusChange" name="test_missing_status_field_returns_400" time="0.776" /><testcase classname="tests.integration.test_candidate.TestCandidateStatusChange" name="test_interviewer_cannot_change_status" time="1.543" /><testcase classname="tests.integration.test_candidate.TestCandidateStatusChange" name="test_full_funnel_via_api" time="0.789" /><testcase classname="tests.integration.test_candidate.TestCandidateStatusChange" name="test_status_change_missing_candidate" time="0.769" /><testcase classname="tests.integration.test_coverage_gaps.TestCandidateModelStr" name="test_candidate_str" time="0.768" /><testcase classname="tests.integration.test_coverage_gaps.TestCandidateModelStr" name="test_status_history_str" time="0.773" /><testcase classname="tests.integration.test_coverage_gaps.TestCandidateRepositoryBranches" name="test_update_not_found" time="0.003" /><testcase classname="tests.integration.test_coverage_gaps.TestCandidateRepositoryBranches" name="test_update_status_not_found" time="0.002" /><testcase classname="tests.integration.test_coverage_gaps.TestCandidateRepositoryBranches" name="test_delete_not_found" time="0.003" /><testcase classname="tests.integration.test_coverage_gaps.TestVacancyRepositoryBranches" name="test_close_not_found" time="0.005" /><testcase classname="tests.integration.test_coverage_gaps.TestVacancyRepositoryBranches" name="test_delete_not_found" time="0.003" /><testcase classname="tests.integration.test_coverage_gaps.TestInterviewRepositoryBranches" name="test_get_by_id_returns_none_for_missing" time="0.003" /><testcase classname="tests.integration.test_coverage_gaps.TestInterviewRepositoryBranches" name="test_list_filter_by_candidate_id" time="0.768" /><testcase classname="tests.integration.test_coverage_gaps.TestInterviewRepositoryBranches" name="test_list_filter_by_interviewer_id" time="0.761" /><testcase classname="tests.integration.test_coverage_gaps.TestInterviewRepositoryBranches" name="test_evaluate_not_found" time="0.003" /><testcase classname="tests.integration.test_coverage_gaps.TestInterviewRepositoryBranches" name="test_evaluate_sets_score" time="0.763" /><testcase classname="tests.integration.test_coverage_gaps.TestInterviewRepositoryBranches" name="test_delete_not_found" time="0.002" /><testcase classname="tests.integration.test_coverage_gaps.TestInterviewRepositoryBranches" name="test_delete_removes" time="0.761" /><testcase classname="tests.integration.test_coverage_gaps.TestInterviewViewBranches" name="test_get_single_interview" time="1.164" /><testcase classname="tests.integration.test_coverage_gaps.TestInterviewViewBranches" name="test_delete_interview" time="1.161" /><testcase classname="tests.integration.test_coverage_gaps.TestInterviewViewBranches" name="test_evaluate_by_interviewer" time="1.559" /><testcase classname="tests.integration.test_coverage_gaps.TestAnalyticsStale" name="test_stale_candidates_zero_when_fresh" time="0.773" /><testcase classname="tests.integration.test_coverage_gaps.TestAnalyticsStale" name="test_stale_candidates_excludes_terminal" time="0.003" /><testcase classname="tests.integration.test_coverage_gaps.TestAnalyticsStale" name="test_stale_candidates_counts_active_old" time="0.003" /><testcase classname="tests.integration.test_coverage_gaps.TestAnalyticsFunnelWithData" name="test_funnel_counts_history_transitions" time="0.780" /><testcase classname="tests.integration.test_coverage_gaps.TestUserRegistration" name="test_register_creates_user" time="0.413" /><testcase classname="tests.integration.test_coverage_gaps.TestUserRegistration" name="test_register_missing_email_returns_400" time="0.003" /><testcase classname="tests.integration.test_coverage_gaps.TestPermissions" name="test_is_recruiter_allows_recruiter" time="0.384" /><testcase classname="tests.integration.test_coverage_gaps.TestPermissions" name="test_is_recruiter_blocks_interviewer" time="0.381" /><testcase classname="tests.integration.test_coverage_gaps.TestPermissions" name="test_is_interviewer_allows_interviewer" time="0.386" /><testcase classname="tests.integration.test_coverage_gaps.TestPermissions" name="test_is_interviewer_blocks_recruiter" time="0.384" /><testcase classname="tests.integration.test_coverage_gaps.TestPermissions" name="test_is_admin_allows_admin" time="0.383" /><testcase classname="tests.integration.test_coverage_gaps.TestPermissions" name="test_is_admin_blocks_recruiter" time="0.386" /><testcase classname="tests.integration.test_coverage_gaps.TestPermissions" name="test_is_recruiter_or_interviewer_allows_both" time="0.771" /><testcase classname="tests.integration.test_coverage_gaps.TestPermissions" name="test_is_recruiter_or_interviewer_blocks_anon" time="0.002" /><testcase classname="tests.integration.test_coverage_gaps.TestPermissions" name="test_is_recruiter_or_admin_blocks_interviewer" time="0.391" /><testcase classname="tests.integration.test_coverage_gaps.TestPermissions" name="test_is_recruiter_or_admin_blocks_anon" time="0.002" /><testcase classname="tests.integration.test_coverage_gaps.TestExceptionHandler" name="test_generic_domain_error_returns_400" time="0.002" /><testcase classname="tests.integration.test_coverage_gaps.TestExceptionHandler" name="test_standard_exception_falls_through" time="0.002" /><testcase classname="tests.integration.test_coverage_gaps.TestNotificationDTO" name="test_to_dict" time="0.002" /><testcase classname="tests.integration.test_coverage_gaps.TestNotificationStrategies" name="test_slack_send_logs" time="0.002" /><testcase classname="tests.integration.test_coverage_gaps.TestNotificationStrategies" name="test_sms_send_logs" time="0.002" /><testcase classname="tests.integration.test_coverage_gaps.TestNotificationStrategies" name="test_factory_available_channels" time="0.002" /><testcase classname="tests.integration.test_coverage_gaps.TestNotificationStrategies" name="test_factory_unknown_channel_raises" time="0.002" /><testcase classname="tests.integration.test_coverage_gaps.TestNotificationTasks" name="test_send_notification_task_runs" time="0.003" /><testcase classname="tests.integration.test_coverage_gaps.TestNotificationTasks" name="test_notify_candidate_status_changed_runs" time="0.003" /><testcase classname="tests.integration.test_coverage_gaps.TestInterviewPostForbiddenBranch" name="test_interviewer_post_hits_manual_403_branch" time="1.148" /><testcase classname="tests.integration.test_coverage_gaps.TestRecruiterOrInterviewerWritePermission" name="test_blocks_unauthenticated" time="0.002" /><testcase classname="tests.integration.test_coverage_gaps.TestRecruiterOrInterviewerWritePermission" name="test_allows_interviewer" time="0.386" /><testcase classname="tests.integration.test_coverage_gaps.TestVacancyRepoFilterByRecruiter" name="test_filter_by_recruiter_id" time="0.779" /><testcase classname="tests.integration.test_vacancy_interview.TestVacancyAuth" name="test_anon_cannot_list" time="0.003" /><testcase classname="tests.integration.test_vacancy_interview.TestVacancyAuth" name="test_anon_cannot_create" time="0.003" /><testcase classname="tests.integration.test_vacancy_interview.TestVacancyAuth" name="test_interviewer_can_list" time="0.775" /><testcase classname="tests.integration.test_vacancy_interview.TestVacancyCreate" name="test_create_returns_201" time="0.811" /><testcase classname="tests.integration.test_vacancy_interview.TestVacancyCreate" name="test_create_is_open_by_default" time="0.776" /><testcase classname="tests.integration.test_vacancy_interview.TestVacancyCreate" name="test_create_missing_title_returns_400" time="0.776" /><testcase classname="tests.integration.test_vacancy_interview.TestVacancyCreate" name="test_recruiter_id_set_from_token" time="0.768" /><testcase classname="tests.integration.test_vacancy_interview.TestVacancyList" name="test_list_empty" time="0.774" /><testcase classname="tests.integration.test_vacancy_interview.TestVacancyList" name="test_filter_is_open" time="0.780" /><testcase classname="tests.integration.test_vacancy_interview.TestVacancyDetail" name="test_get_returns_200" time="0.777" /><testcase classname="tests.integration.test_vacancy_interview.TestVacancyDetail" name="test_get_missing_returns_404" time="0.772" /><testcase classname="tests.integration.test_vacancy_interview.TestVacancyDetail" name="test_delete_returns_204" time="0.772" /><testcase classname="tests.integration.test_vacancy_interview.TestVacancyClose" name="test_close_sets_is_open_false" time="0.781" /><testcase classname="tests.integration.test_vacancy_interview.TestVacancyClose" name="test_close_idempotent" time="0.780" /><testcase classname="tests.integration.test_vacancy_interview.TestVacancyClose" name="test_close_missing_returns_404" time="0.770" /><testcase classname="tests.integration.test_vacancy_interview.TestInterviewAuth" name="test_anon_cannot_list" time="0.003" /><testcase classname="tests.integration.test_vacancy_interview.TestInterviewAuth" name="test_interviewer_can_list" time="0.776" /><testcase classname="tests.integration.test_vacancy_interview.TestInterviewCreate" name="test_create_returns_201" time="1.165" /><testcase classname="tests.integration.test_vacancy_interview.TestInterviewCreate" name="test_create_has_null_score" time="1.158" /><testcase classname="tests.integration.test_vacancy_interview.TestInterviewCreate" name="test_interviewer_cannot_create" time="1.542" /><testcase classname="tests.integration.test_vacancy_interview.TestInterviewEvaluate" name="test_evaluate_sets_score" time="1.551" /><testcase classname="tests.integration.test_vacancy_interview.TestInterviewEvaluate" name="test_evaluate_score_out_of_range" time="1.546" /><testcase classname="tests.integration.test_vacancy_interview.TestAnalyticsAuth" name="test_anon_cannot_access_funnel" time="0.003" /><testcase classname="tests.integration.test_vacancy_interview.TestAnalyticsAuth" name="test_anon_cannot_access_time_to_hire" time="0.003" /><testcase classname="tests.integration.test_vacancy_interview.TestAnalyticsAuth" name="test_anon_cannot_access_by_status" time="0.002" /><testcase classname="tests.integration.test_vacancy_interview.TestAnalyticsAuth" name="test_interviewer_can_access_funnel" time="0.771" /><testcase classname="tests.integration.test_vacancy_interview.TestAnalyticsAuth" name="test_recruiter_can_access_all" time="0.781" /><testcase classname="tests.integration.test_vacancy_interview.TestAnalyticsEmpty" name="test_funnel_empty_db" time="0.772" /><testcase classname="tests.integration.test_vacancy_interview.TestAnalyticsEmpty" name="test_time_to_hire_empty_db" time="0.788" /><testcase classname="tests.integration.test_vacancy_interview.TestAnalyticsEmpty" name="test_candidates_by_status_empty_db" time="0.775" /><testcase classname="tests.integration.test_vacancy_interview.TestAnalyticsEmpty" name="test_candidates_by_status_with_data" time="0.778" /><testcase classname="tests.integration.test_vacancy_interview.TestAnalyticsFunnelStructure" name="test_funnel_has_conversion_field" time="0.777" /><testcase classname="tests.integration.test_vacancy_interview.TestAnalyticsFunnelStructure" name="test_funnel_first_item_has_null_conversion" time="0.778" /><testcase classname="tests.unit.test_candidate_service.TestCreate" name="test_creates_with_new_status" time="0.001" /><testcase classname="tests.unit.test_candidate_service.TestCreate" name="test_assigns_sequential_ids" time="0.001" /><testcase classname="tests.unit.test_candidate_service.TestCreate" name="test_stores_all_fields" time="0.001" /><testcase classname="tests.unit.test_candidate_service.TestCreate" name="test_duplicate_email_raises_conflict" time="0.001" /><testcase classname="tests.unit.test_candidate_service.TestCreate" name="test_email_case_insensitive_duplicate" time="0.001" /><testcase classname="tests.unit.test_candidate_service.TestCreate" name="test_optional_fields_default_empty" time="0.001" /><testcase classname="tests.unit.test_candidate_service.TestGet" name="test_get_existing" time="0.001" /><testcase classname="tests.unit.test_candidate_service.TestGet" name="test_get_missing_raises" time="0.001" /><testcase classname="tests.unit.test_candidate_service.TestGet" name="test_get_negative_id_raises" time="0.001" /><testcase classname="tests.unit.test_candidate_service.TestList" name="test_list_all" time="0.001" /><testcase classname="tests.unit.test_candidate_service.TestList" name="test_list_empty" time="0.001" /><testcase classname="tests.unit.test_candidate_service.TestList" name="test_filter_by_status" time="0.002" /><testcase classname="tests.unit.test_candidate_service.TestList" name="test_filter_by_search_email" time="0.001" /><testcase classname="tests.unit.test_candidate_service.TestList" name="test_filter_by_search_name" time="0.001" /><testcase classname="tests.unit.test_candidate_service.TestList" name="test_invalid_status_filter_raises" time="0.001" /><testcase classname="tests.unit.test_candidate_service.TestUpdate" name="test_update_phone" time="0.001" /><testcase classname="tests.unit.test_candidate_service.TestUpdate" name="test_update_missing_raises" time="0.001" /><testcase classname="tests.unit.test_candidate_service.TestUpdate" name="test_update_partial_keeps_other_fields" time="0.001" /><testcase classname="tests.unit.test_candidate_service.TestDelete" name="test_delete_existing" time="0.001" /><testcase classname="tests.unit.test_candidate_service.TestDelete" name="test_delete_missing_raises" time="0.001" /><testcase classname="tests.unit.test_candidate_service.TestDelete" name="test_delete_one_of_many" time="0.001" /><testcase classname="tests.unit.test_candidate_service.TestStatusTransitions" name="test_new_to_screening" time="0.001" /><testcase classname="tests.unit.test_candidate_service.TestStatusTransitions" name="test_full_happy_path" time="0.001" /><testcase classname="tests.unit.test_candidate_service.TestStatusTransitions" name="test_rejected_from_new" time="0.001" /><testcase classname="tests.unit.test_candidate_service.TestStatusTransitions" name="test_rejected_from_screening" time="0.001" /><testcase classname="tests.unit.test_candidate_service.TestStatusTransitions" name="test_forbidden_skip_raises" time="0.001" /><testcase classname="tests.unit.test_candidate_service.TestStatusTransitions" name="test_hired_is_terminal" time="0.001" /><testcase classname="tests.unit.test_candidate_service.TestStatusTransitions" name="test_rejected_is_terminal" time="0.001" /><testcase classname="tests.unit.test_candidate_service.TestStatusTransitions" name="test_idempotent_same_status_returns_current" time="0.001" /><testcase classname="tests.unit.test_candidate_service.TestStatusTransitions" name="test_history_recorded_on_transition" time="0.001" /><testcase classname="tests.unit.test_candidate_service.TestStatusTransitions" name="test_idempotent_does_not_add_history" time="0.001" /><testcase classname="tests.unit.test_candidate_service.TestStatusTransitions" name="test_change_status_missing_candidate" time="0.001" /><testcase classname="tests.unit.test_candidate_service.TestStatusTransitions" name="test_unknown_new_status_raises" time="0.001" /><testcase classname="tests.unit.test_enums_transitions.TestAllowedTransitions" name="test_new_to_screening" time="0.001" /><testcase classname="tests.unit.test_enums_transitions.TestAllowedTransitions" name="test_new_to_rejected" time="0.001" /><testcase classname="tests.unit.test_enums_transitions.TestAllowedTransitions" name="test_screening_to_interview" time="0.001" /><testcase classname="tests.unit.test_enums_transitions.TestAllowedTransitions" name="test_screening_to_rejected" time="0.001" /><testcase classname="tests.unit.test_enums_transitions.TestAllowedTransitions" name="test_interview_to_offer" time="0.001" /><testcase classname="tests.unit.test_enums_transitions.TestAllowedTransitions" name="test_interview_to_rejected" time="0.001" /><testcase classname="tests.unit.test_enums_transitions.TestAllowedTransitions" name="test_offer_to_hired" time="0.001" /><testcase classname="tests.unit.test_enums_transitions.TestAllowedTransitions" name="test_offer_to_rejected" time="0.001" /><testcase classname="tests.unit.test_enums_transitions.TestAllowedTransitions" name="test_new_to_interview_forbidden" time="0.001" /><testcase classname="tests.unit.test_enums_transitions.TestAllowedTransitions" name="test_new_to_offer_forbidden" time="0.001" /><testcase classname="tests.unit.test_enums_transitions.TestAllowedTransitions" name="test_new_to_hired_forbidden" time="0.001" /><testcase classname="tests.unit.test_enums_transitions.TestAllowedTransitions" name="test_screening_to_offer_forbidden" time="0.001" /><testcase classname="tests.unit.test_enums_transitions.TestAllowedTransitions" name="test_screening_to_hired_forbidden" time="0.001" /><testcase classname="tests.unit.test_enums_transitions.TestAllowedTransitions" name="test_interview_to_hired_forbidden" time="0.001" /><testcase classname="tests.unit.test_enums_transitions.TestAllowedTransitions" name="test_hired_to_anything_forbidden" time="0.001" /><testcase classname="tests.unit.test_enums_transitions.TestAllowedTransitions" name="test_rejected_to_anything_forbidden" time="0.001" /><testcase classname="tests.unit.test_enums_transitions.TestAllowedTransitions" name="test_unknown_from_status" time="0.001" /><testcase classname="tests.unit.test_enums_transitions.TestAllowedTransitions" name="test_unknown_to_status" time="0.001" /><testcase classname="tests.unit.test_enums_transitions.TestAllowedTransitions" name="test_self_transition_new" time="0.001" /><testcase classname="tests.unit.test_enums_transitions.TestAllowedTransitions" name="test_self_transition_screening" time="0.001" /><testcase classname="tests.unit.test_enums_transitions.TestCandidateStatusEnum" name="test_all_values_present" time="0.001" /><testcase classname="tests.unit.test_enums_transitions.TestCandidateStatusEnum" name="test_choices_have_labels" time="0.001" /><testcase classname="tests.unit.test_enums_transitions.TestCandidateStatusEnum" name="test_allowed_transitions_covers_all_statuses" time="0.001" /><testcase classname="tests.unit.test_enums_transitions.TestCandidateStatusEnum" name="test_terminal_states_have_empty_transitions" time="0.001" /><testcase classname="tests.unit.test_interview_vacancy.TestInterviewServiceSchedule" name="test_schedule_creates_interview" time="0.001" /><testcase classname="tests.unit.test_interview_vacancy.TestInterviewServiceSchedule" name="test_schedule_multiple" time="0.001" /><testcase classname="tests.unit.test_interview_vacancy.TestInterviewServiceSchedule" name="test_schedule_stores_correct_ids" time="0.001" /><testcase classname="tests.unit.test_interview_vacancy.TestInterviewServiceGet" name="test_get_existing" time="0.001" /><testcase classname="tests.unit.test_interview_vacancy.TestInterviewServiceGet" name="test_get_missing_raises" time="0.001" /><testcase classname="tests.unit.test_interview_vacancy.TestInterviewServiceList" name="test_list_all" time="0.001" /><testcase classname="tests.unit.test_interview_vacancy.TestInterviewServiceList" name="test_filter_by_candidate" time="0.001" /><testcase classname="tests.unit.test_interview_vacancy.TestInterviewServiceList" name="test_filter_by_interviewer" time="0.001" /><testcase classname="tests.unit.test_interview_vacancy.TestInterviewServiceList" name="test_empty_list" time="0.001" /><testcase classname="tests.unit.test_interview_vacancy.TestInterviewServiceEvaluate" name="test_evaluate_sets_score" time="0.001" /><testcase classname="tests.unit.test_interview_vacancy.TestInterviewServiceEvaluate" name="test_evaluate_score_out_of_range_raises" time="0.001" /><testcase classname="tests.unit.test_interview_vacancy.TestInterviewServiceEvaluate" name="test_evaluate_score_zero_raises" time="0.001" /><testcase classname="tests.unit.test_interview_vacancy.TestInterviewServiceEvaluate" name="test_evaluate_boundary_score_1" time="0.001" /><testcase classname="tests.unit.test_interview_vacancy.TestInterviewServiceEvaluate" name="test_evaluate_boundary_score_10" time="0.001" /><testcase classname="tests.unit.test_interview_vacancy.TestInterviewServiceEvaluate" name="test_evaluate_missing_raises" time="0.001" /><testcase classname="tests.unit.test_interview_vacancy.TestInterviewServiceDelete" name="test_delete_removes" time="0.001" /><testcase classname="tests.unit.test_interview_vacancy.TestInterviewServiceDelete" name="test_delete_missing_raises" time="0.001" /><testcase classname="tests.unit.test_interview_vacancy.TestVacancyServiceCreate" name="test_create_returns_open_vacancy" time="0.001" /><testcase classname="tests.unit.test_interview_vacancy.TestVacancyServiceCreate" name="test_create_stores_fields" time="0.001" /><testcase classname="tests.unit.test_interview_vacancy.TestVacancyServiceGet" name="test_get_existing" time="0.001" /><testcase classname="tests.unit.test_interview_vacancy.TestVacancyServiceGet" name="test_get_missing_raises" time="0.001" /><testcase classname="tests.unit.test_interview_vacancy.TestVacancyServiceList" name="test_list_all" time="0.001" /><testcase classname="tests.unit.test_interview_vacancy.TestVacancyServiceList" name="test_filter_open" time="0.001" /><testcase classname="tests.unit.test_interview_vacancy.TestVacancyServiceList" name="test_filter_closed" time="0.001" /><testcase classname="tests.unit.test_interview_vacancy.TestVacancyServiceList" name="test_filter_by_recruiter" time="0.001" /><testcase classname="tests.unit.test_interview_vacancy.TestVacancyServiceClose" name="test_close_sets_flag" time="0.001" /><testcase classname="tests.unit.test_interview_vacancy.TestVacancyServiceClose" name="test_close_idempotent" time="0.001" /><testcase classname="tests.unit.test_interview_vacancy.TestVacancyServiceClose" name="test_close_missing_raises" time="0.001" /><testcase classname="tests.unit.test_interview_vacancy.TestVacancyServiceDelete" name="test_delete_removes" time="0.001" /><testcase classname="tests.unit.test_interview_vacancy.TestVacancyServiceDelete" name="test_delete_missing_raises" time="0.001" /><testcase classname="tests.unit.test_notification_strategies" name="test_factory_creates_known_channels" time="0.001" /><testcase classname="tests.unit.test_notification_strategies" name="test_factory_unknown_channel_raises" time="0.001" /><testcase classname="tests.unit.test_notification_strategies" name="test_factory_create_many" time="0.001" /><testcase classname="tests.unit.test_notification_strategies" name="test_service_dispatches_to_all_strategies" time="0.001" /><testcase classname="tests.unit.test_notification_strategies" name="test_service_isolates_failing_strategy" time="0.099" /></testsuite></testsuites>